com\fundicao\util\DatabaseManager.class
com\fundicao\controller\NotaFiscalDialogController.class
com\fundicao\model\Movimentacao.class
com\fundicao\model\SaldoEstoque.class
com\fundicao\controller\NotaFiscalController.class
com\fundicao\controller\MovimentacaoDialogController.class
com\fundicao\model\ProdutoFornecedor.class
com\fundicao\service\EstoqueService.class
com\fundicao\controller\MainController.class
com\fundicao\dao\ProdutoDAO.class
module-info.class
com\fundicao\model\Produto.class
com\fundicao\controller\ProdutoController.class
com\fundicao\dao\ProdutoFornecedorDAO.class
com\fundicao\controller\MovimentacaoDialogController$2.class
com\fundicao\controller\ProdutoDialogController$1.class
com\fundicao\dao\NotaFiscalDAO.class
com\fundicao\App.class
com\fundicao\model\NotaFiscal.class
com\fundicao\service\EntidadeService.class
com\fundicao\controller\EntidadeDialogController.class
com\fundicao\service\ProdutoService.class
com\fundicao\controller\EntidadeController.class
com\fundicao\model\Entidade.class
com\fundicao\controller\EstoqueController.class
com\fundicao\controller\ProdutoDialogController.class
com\fundicao\util\AlertUtil.class
com\fundicao\controller\NotaFiscalDialogController$1.class
com\fundicao\controller\MovimentacaoDialogController$1.class
com\fundicao\dao\EntidadeDAO.class
com\fundicao\dao\EstoqueDAO.class
com\fundicao\service\NotaFiscalService.class
