D:\projetos\fundicao-app\src\main\java\com\fundicao\App.java
D:\projetos\fundicao-app\src\main\java\com\fundicao\controller\EntidadeController.java
D:\projetos\fundicao-app\src\main\java\com\fundicao\controller\EntidadeDialogController.java
D:\projetos\fundicao-app\src\main\java\com\fundicao\controller\EstoqueController.java
D:\projetos\fundicao-app\src\main\java\com\fundicao\controller\MainController.java
D:\projetos\fundicao-app\src\main\java\com\fundicao\controller\MovimentacaoDialogController.java
D:\projetos\fundicao-app\src\main\java\com\fundicao\controller\NotaFiscalController.java
D:\projetos\fundicao-app\src\main\java\com\fundicao\controller\NotaFiscalDialogController.java
D:\projetos\fundicao-app\src\main\java\com\fundicao\controller\ProdutoController.java
D:\projetos\fundicao-app\src\main\java\com\fundicao\controller\ProdutoDialogController.java
D:\projetos\fundicao-app\src\main\java\com\fundicao\dao\EntidadeDAO.java
D:\projetos\fundicao-app\src\main\java\com\fundicao\dao\EstoqueDAO.java
D:\projetos\fundicao-app\src\main\java\com\fundicao\dao\NotaFiscalDAO.java
D:\projetos\fundicao-app\src\main\java\com\fundicao\dao\ProdutoDAO.java
D:\projetos\fundicao-app\src\main\java\com\fundicao\dao\ProdutoFornecedorDAO.java
D:\projetos\fundicao-app\src\main\java\com\fundicao\model\Entidade.java
D:\projetos\fundicao-app\src\main\java\com\fundicao\model\Movimentacao.java
D:\projetos\fundicao-app\src\main\java\com\fundicao\model\NotaFiscal.java
D:\projetos\fundicao-app\src\main\java\com\fundicao\model\Produto.java
D:\projetos\fundicao-app\src\main\java\com\fundicao\model\ProdutoFornecedor.java
D:\projetos\fundicao-app\src\main\java\com\fundicao\model\SaldoEstoque.java
D:\projetos\fundicao-app\src\main\java\com\fundicao\service\EntidadeService.java
D:\projetos\fundicao-app\src\main\java\com\fundicao\service\EstoqueService.java
D:\projetos\fundicao-app\src\main\java\com\fundicao\service\NotaFiscalService.java
D:\projetos\fundicao-app\src\main\java\com\fundicao\service\ProdutoService.java
D:\projetos\fundicao-app\src\main\java\com\fundicao\util\AlertUtil.java
D:\projetos\fundicao-app\src\main\java\com\fundicao\util\DatabaseManager.java
D:\projetos\fundicao-app\src\main\java\module-info.java
